// Jest Snapshot v1, https://goo.gl/fbAQLP

exports[`it should take a snapshot 1`] = `
<DocumentFragment>
  <div
    class="MuiPaper-root MuiPaper-elevation0 MuiPaper-rounded"
    style="padding: 0px; margin: 0px; height: 100vh; background-color: rgb(250, 250, 250);"
  >
    <header
      class="MuiPaper-root MuiAppBar-root MuiAppBar-positionStatic MuiAppBar-colorSecondary MuiPaper-elevation4"
      style="height: 64px;"
    >
      <div
        class="MuiToolbar-root MuiToolbar-regular MuiToolbar-gutters"
      >
        <p
          class="MuiTypography-root MuiTypography-body1 MuiTypography-colorInherit"
        >
          LIST WITH HOOKS
        </p>
      </div>
    </header>
    <div
      class="MuiGrid-root MuiGrid-container MuiGrid-justify-xs-center"
      style="margin-top: 2rem;"
    >
      <div
        class="MuiGrid-root MuiGrid-item MuiGrid-grid-xs-11 MuiGrid-grid-md-8 MuiGrid-grid-lg-4"
      >
        <div
          class="MuiPaper-root MuiPaper-elevation1 MuiPaper-rounded"
          style="margin: 1rem 0px; padding: 0px 1rem;"
        >
          <form>
            <div
              class="MuiFormControl-root MuiTextField-root MuiFormControl-marginNormal MuiFormControl-fullWidth"
            >
              <label
                class="MuiFormLabel-root MuiInputLabel-root MuiInputLabel-formControl MuiInputLabel-animated"
                data-shrink="false"
              >
                Add New Todo
              </label>
              <div
                class="MuiInputBase-root MuiInput-root MuiInput-underline MuiInputBase-fullWidth MuiInput-fullWidth MuiInputBase-formControl MuiInput-formControl"
              >
                <input
                  aria-invalid="false"
                  class="MuiInputBase-input MuiInput-input"
                  type="text"
                  value=""
                />
              </div>
            </div>
          </form>
        </div>
      </div>
    </div>
  </div>
</DocumentFragment>
`;
